******************************************************************************
                  TI ARM Linker PC v18.1.3                     
******************************************************************************
>> Linked Fri Feb  8 19:11:19 2019

OUTPUT FILE NAME:   <WIFI.out>
ENTRY POINT SYMBOL: "_c_int00_noargs"  address: 00002239


MEMORY CONFIGURATION

         name            origin    length      used     unused   attr    fill
----------------------  --------  ---------  --------  --------  ----  --------
  FLASH                 00000000   00040000  000026d4  0003d92c  R  X
  SRAM                  20000000   00008000  00000725  000078db  RW X


SEGMENT ALLOCATION MAP

run origin  load origin   length   init length attrs members
----------  ----------- ---------- ----------- ----- -------
00000000    00000000    000026d8   000026d8    r-x
  00000000    00000000    0000026c   0000026c    r-- .intvecs
  0000026c    0000026c    00002240   00002240    r-x .text
  000024ac    000024ac    000001f8   000001f8    r-- .const
  000026a8    000026a8    00000030   00000030    r-- .cinit
20000000    20000000    00000725   00000000    rw-
  20000000    20000000    00000508   00000000    rw- .bss
  20000508    20000508    00000200   00000000    rw- .stack
  20000708    20000708    0000001d   00000000    rw- .data


SECTION ALLOCATION MAP

 output                                  attributes/
section   page    origin      length       input sections
--------  ----  ----------  ----------   ----------------
.intvecs   0    00000000    0000026c     
                  00000000    0000026c     tm4c123gh6pm_startup_ccs.obj (.intvecs)

.text      0    0000026c    00002240     
                  0000026c    00000aec     main.obj (.text)
                  00000d58    00000914     uartstdio.obj (.text)
                  0000166c    000001b6     rtsv7M4_T_le_v4SPD16_eabi.lib : fd_add_t2.asm.obj (.text)
                  00001822    00000136                                   : fd_div_t2.asm.obj (.text)
                  00001958    00000132     driverlib.lib : gpio.obj (.text:GPIOPadConfigSet)
                  00001a8a    00000002     rtsv7M4_T_le_v4SPD16_eabi.lib : div0.asm.obj (.text)
                  00001a8c    00000110     driverlib.lib : sysctl.obj (.text:SysCtlClockGet)
                  00001b9c    00000100     Tiva_i2c.obj (.text)
                  00001c9c    000000f4     driverlib.lib : sysctl.obj (.text:SysCtlClockSet)
                  00001d90    0000009c     rtsv7M4_T_le_v4SPD16_eabi.lib : memcpy_t2.asm.obj (.text)
                  00001e2c    00000094     mpu6050.obj (.text)
                  00001ec0    0000007a     rtsv7M4_T_le_v4SPD16_eabi.lib : memset_t2.asm.obj (.text)
                  00001f3a    0000006e                                   : fd_tos_t2.asm.obj (.text)
                  00001fa8    00000068     driverlib.lib : interrupt.obj (.text:IntEnable)
                  00002010    00000068     rtsv7M4_T_le_v4SPD16_eabi.lib : copy_decompress_lzss.c.obj (.text:decompress:lzss:__TI_decompress_lzss)
                  00002078    00000060     driverlib.lib : timer.obj (.text:TimerConfigure)
                  000020d8    0000004c                   : i2c.obj (.text:I2CMasterInitExpClk)
                  00002124    00000048                   : gpio.obj (.text:GPIOPinConfigure)
                  0000216c    00000046                   : uart.obj (.text:UARTConfigSetExpClk)
                  000021b2    00000002     --HOLE-- [fill = 0]
                  000021b4    00000044     rtsv7M4_T_le_v4SPD16_eabi.lib : autoinit.c.obj (.text:__TI_auto_init_nobinit_nopinit:__TI_auto_init_nobinit_nopinit)
                  000021f8    00000040                                   : u_divt2.asm.obj (.text)
                  00002238    00000038                                   : boot_cortex_m.c.obj (.text:_c_int00_noargs:_c_int00_noargs)
                  00002270    00000038                                   : fs_tod_t2.asm.obj (.text)
                  000022a8    00000034     driverlib.lib : sysctl.obj (.text:SysCtlPeripheralEnable)
                  000022dc    0000002a                   : gpio.obj (.text:GPIODirModeSet)
                  00002306    00000002     --HOLE-- [fill = 0]
                  00002308    00000020                   : uart.obj (.text:UARTDisable)
                  00002328    0000001c     tm4c123gh6pm_startup_ccs.obj (.text)
                  00002344    00000018     driverlib.lib : gpio.obj (.text:GPIOPinTypeGPIOOutput)
                  0000235c    00000014                   : uart.obj (.text:UARTEnable)
                  00002370    00000014     rtsv7M4_T_le_v4SPD16_eabi.lib : strlen.c.obj (.text:strlen)
                  00002384    00000012     driverlib.lib : gpio.obj (.text:GPIOPinTypeI2C)
                  00002396    00000012                   : gpio.obj (.text:GPIOPinTypeI2CSCL)
                  000023a8    00000012                   : gpio.obj (.text:GPIOPinTypeUART)
                  000023ba    00000012                   : timer.obj (.text:TimerLoadSet)
                  000023cc    00000010                   : interrupt.obj (.text:IntMasterEnable)
                  000023dc    0000000e                   : timer.obj (.text:TimerEnable)
                  000023ea    0000000e                   : uart.obj (.text:UARTCharGetNonBlocking)
                  000023f8    0000000e                   : uart.obj (.text:UARTCharPutNonBlocking)
                  00002406    0000000e                   : uart.obj (.text:UARTCharsAvail)
                  00002414    0000000e     rtsv7M4_T_le_v4SPD16_eabi.lib : copy_decompress_none.c.obj (.text:decompress:none:__TI_decompress_none)
                  00002422    0000000c     driverlib.lib : cpu.obj (.text:CPUcpsie)
                  0000242e    0000000c     rtsv7M4_T_le_v4SPD16_eabi.lib : copy_zero_init.c.obj (.text:decompress:ZI:__TI_zero_init)
                  0000243a    0000000a     driverlib.lib : i2c.obj (.text:I2CMasterEnable)
                  00002444    0000000a                   : uart.obj (.text:UARTCharPut)
                  0000244e    0000000a                   : uart.obj (.text:UARTIntStatus)
                  00002458    00000008                   : i2c.obj (.text:I2CMasterBusy)
                  00002460    00000008                   : i2c.obj (.text:I2CMasterSlaveAddrSet)
                  00002468    00000008                   : timer.obj (.text:TimerIntEnable)
                  00002470    00000008                   : uart.obj (.text:UARTIntEnable)
                  00002478    00000006                   : gpio.obj (.text:GPIOPinRead)
                  0000247e    00000006                   : gpio.obj (.text:GPIOPinWrite)
                  00002484    00000006                   : sysctl.obj (.text:SysCtlDelay)
                  0000248a    00000006                   : uart.obj (.text:UARTClockSourceSet)
                  00002490    00000004                   : i2c.obj (.text:I2CMasterControl)
                  00002494    00000004                   : i2c.obj (.text:I2CMasterDataGet)
                  00002498    00000004                   : i2c.obj (.text:I2CMasterDataPut)
                  0000249c    00000004                   : timer.obj (.text:TimerIntClear)
                  000024a0    00000004                   : uart.obj (.text:UARTIntClear)
                  000024a4    00000004     rtsv7M4_T_le_v4SPD16_eabi.lib : pre_init.c.obj (.text:_system_pre_init)
                  000024a8    00000004                                   : exit.c.obj (.text:abort:abort)

.const     0    000024ac    000001f8     
                  000024ac    00000090     driverlib.lib : gpio.obj (.const:g_pui32GPIOBaseAddrs)
                  0000253c    00000070                   : interrupt.obj (.const)
                  000025ac    0000006c                   : sysctl.obj (.const:g_pui32Xtals)
                  00002618    0000001a     main.obj (.const:.string:$P$T3$4)
                  00002632    00000014     main.obj (.const:.string:$P$T1$2)
                  00002646    00000014     main.obj (.const:.string:$P$T2$3)
                  0000265a    00000002     --HOLE-- [fill = 0]
                  0000265c    00000012     uartstdio.obj (.const:.string)
                  0000266e    00000002     --HOLE-- [fill = 0]
                  00002670    0000000c     uartstdio.obj (.const:g_ui32UARTBase)
                  0000267c    0000000c     uartstdio.obj (.const:g_ui32UARTInt)
                  00002688    0000000c     uartstdio.obj (.const:g_ui32UARTPeriph)
                  00002694    0000000b     main.obj (.const:.string:$P$T0$1)
                  0000269f    00000001     --HOLE-- [fill = 0]
                  000026a0    00000004     uartstdio.obj (.const)

.cinit     0    000026a8    00000030     
                  000026a8    0000000c     (__TI_handler_table)
                  000026b4    00000004     --HOLE-- [fill = 0]
                  000026b8    00000008     (.cinit..bss.load) [load image, compression = zero_init]
                  000026c0    00000008     (.cinit..data.load) [load image, compression = lzss]
                  000026c8    00000010     (__TI_cinit_table)

.init_array 
*          0    00000000    00000000     UNINITIALIZED

.bss       0    20000000    00000508     UNINITIALIZED
                  20000000    00000400     uartstdio.obj (.bss:g_pcUARTTxBuffer)
                  20000400    00000080     main.obj (.bss:ReceivedData)
                  20000480    00000080     uartstdio.obj (.bss:g_pcUARTRxBuffer)
                  20000500    00000008     uartstdio.obj (.bss)

.data      0    20000708    0000001d     UNINITIALIZED
                  20000708    00000015     uartstdio.obj (.data)
                  2000071d    00000003     --HOLE--
                  20000720    00000005     main.obj (.data)

.stack     0    20000508    00000200     UNINITIALIZED
                  20000508    00000004     rtsv7M4_T_le_v4SPD16_eabi.lib : boot_cortex_m.c.obj (.stack)
                  2000050c    000001fc     --HOLE--

MODULE SUMMARY

       Module                         code   ro data   rw data
       ------                         ----   -------   -------
    .\
       main.obj                       2796   77        133    
       tm4c123gh6pm_startup_ccs.obj   28     620       0      
       Tiva_i2c.obj                   256    0         0      
       mpu6050.obj                    148    0         0      
    +--+------------------------------+------+---------+---------+
       Total:                         3228   697       133    
                                                              
    .\utils\
       uartstdio.obj                  2324   58        1181   
    +--+------------------------------+------+---------+---------+
       Total:                         2324   58        1181   
                                                              
    C:\ti\ccsv8\tools\compiler\ti-cgt-arm_18.1.3.LTS\lib\rtsv7M4_T_le_v4SPD16_eabi.lib
       fd_add_t2.asm.obj              438    0         0      
       fd_div_t2.asm.obj              310    0         0      
       memcpy_t2.asm.obj              156    0         0      
       memset_t2.asm.obj              122    0         0      
       fd_tos_t2.asm.obj              110    0         0      
       copy_decompress_lzss.c.obj     104    0         0      
       autoinit.c.obj                 68     0         0      
       u_divt2.asm.obj                64     0         0      
       boot_cortex_m.c.obj            56     0         0      
       fs_tod_t2.asm.obj              56     0         0      
       strlen.c.obj                   20     0         0      
       copy_decompress_none.c.obj     14     0         0      
       copy_zero_init.c.obj           12     0         0      
       exit.c.obj                     4      0         0      
       pre_init.c.obj                 4      0         0      
       div0.asm.obj                   2      0         0      
    +--+------------------------------+------+---------+---------+
       Total:                         1540   0         0      
                                                              
    D:/ti/TivaWare_C_Series-2.1.4.178/driverlib/ccs/Debug/driverlib.lib
       sysctl.obj                     574    108       0      
       gpio.obj                       510    144       0      
       interrupt.obj                  120    112       0      
       uart.obj                       202    0         0      
       timer.obj                      140    0         0      
       i2c.obj                        114    0         0      
       cpu.obj                        12     0         0      
    +--+------------------------------+------+---------+---------+
       Total:                         1672   364       0      
                                                              
       Stack:                         0      0         512    
       Linker Generated:              0      44        0      
    +--+------------------------------+------+---------+---------+
       Grand Total:                   8764   1163      1826   


LINKER GENERATED COPY TABLES

__TI_cinit_table @ 000026c8 records: 2, size/record: 8, table size: 16
	.bss: load addr=000026b8, load size=00000008 bytes, run addr=20000000, run size=00000508 bytes, compression=zero_init
	.data: load addr=000026c0, load size=00000008 bytes, run addr=20000708, run size=0000001d bytes, compression=lzss


LINKER GENERATED HANDLER TABLE

__TI_handler_table @ 000026a8 records: 3, size/record: 4, table size: 12
	index: 0, handler: __TI_decompress_lzss
	index: 1, handler: __TI_decompress_none
	index: 2, handler: __TI_zero_init


GLOBAL SYMBOLS: SORTED ALPHABETICALLY BY Name 

address   name                          
-------   ----                          
000024a9  C$$EXIT                       
00002423  CPUcpsie                      
000022dd  GPIODirModeSet                
00001959  GPIOPadConfigSet              
00002125  GPIOPinConfigure              
00002479  GPIOPinRead                   
00002345  GPIOPinTypeGPIOOutput         
00002385  GPIOPinTypeI2C                
00002397  GPIOPinTypeI2CSCL             
000023a9  GPIOPinTypeUART               
0000247f  GPIOPinWrite                  
00002459  I2CMasterBusy                 
00002491  I2CMasterControl              
00002495  I2CMasterDataGet              
00002499  I2CMasterDataPut              
0000243b  I2CMasterEnable               
000020d9  I2CMasterInitExpClk           
00002461  I2CMasterSlaveAddrSet         
000006d1  InitESPUART                   
00000709  InitTimer                     
00000691  InitUART                      
00001fa9  IntEnable                     
000023cd  IntMasterEnable               
00001e89  MPU6050_Get_Data              
00001e2d  MPU6050_Init                  
00001e77  MPU6050_Read_Reg              
00001e5d  MPU6050_Write_Reg             
000004f1  Reset                         
00002329  ResetISR                      
000004c1  SendString                    
00000509  SlowSetWifi                   
00001a8d  SysCtlClockGet                
00001c9d  SysCtlClockSet                
00002485  SysCtlDelay                   
000022a9  SysCtlPeripheralEnable        
00002079  TimerConfigure                
000023dd  TimerEnable                   
0000249d  TimerIntClear                 
00002469  TimerIntEnable                
000023bb  TimerLoadSet                  
000023eb  UARTCharGetNonBlocking        
00002445  UARTCharPut                   
000023f9  UARTCharPutNonBlocking        
00002407  UARTCharsAvail                
0000248b  UARTClockSourceSet            
0000216d  UARTConfigSetExpClk           
00002309  UARTDisable                   
000014ad  UARTEchoSet                   
0000235d  UARTEnable                    
00001447  UARTFlushRx                   
0000146f  UARTFlushTx                   
000024a1  UARTIntClear                  
00002471  UARTIntEnable                 
0000244f  UARTIntStatus                 
000013ed  UARTPeek                      
000013cb  UARTRxBytesAvail              
00000e6d  UARTStdioConfig               
000014e1  UARTStdioIntHandler           
000013d9  UARTTxBytesFree               
00001047  UARTgetc                      
00000fcb  UARTgets                      
000013a7  UARTprintf                    
000010ad  UARTvprintf                   
00000f25  UARTwrite                     
00000609  WifiTimer0IntHandler          
00000b51  WifiUARTIntHandler            
20000708  __STACK_END                   
00000200  __STACK_SIZE                  
20000708  __STACK_TOP                   
000026c8  __TI_CINIT_Base               
000026d8  __TI_CINIT_Limit              
000026a8  __TI_Handler_Table_Base       
000026b4  __TI_Handler_Table_Limit      
000021b5  __TI_auto_init_nobinit_nopinit
00002011  __TI_decompress_lzss          
00002415  __TI_decompress_none          
ffffffff  __TI_pprof_out_hndl           
ffffffff  __TI_prof_data_size           
ffffffff  __TI_prof_data_start          
00000000  __TI_static_base__            
0000242f  __TI_zero_init                
00001f3b  __aeabi_d2f                   
00001677  __aeabi_dadd                  
00001823  __aeabi_ddiv                  
0000166d  __aeabi_dsub                  
00002271  __aeabi_f2d                   
00001a8b  __aeabi_idiv0                 
00001a8b  __aeabi_ldiv0                 
00001ec1  __aeabi_memclr                
00001ec1  __aeabi_memclr4               
00001ec1  __aeabi_memclr8               
00001d91  __aeabi_memcpy                
00001d91  __aeabi_memcpy4               
00001d91  __aeabi_memcpy8               
00001ec3  __aeabi_memset                
00001ec3  __aeabi_memset4               
00001ec3  __aeabi_memset8               
000021f9  __aeabi_uidiv                 
000021f9  __aeabi_uidivmod              
ffffffff  __binit__                     
ffffffff  __c_args__                    
UNDEFED   __mpu_init                    
20000508  __stack                       
00002239  _c_int00_noargs               
UNDEFED   _system_post_cinit            
000024a5  _system_pre_init              
000024a9  abort                         
0000026d  abs                           
ffffffff  binit                         
00000325  ftoa                          
00000000  g_pfnVectors                  
00001b9d  initI2C0                      
000002a9  itoa                          
00000831  main                          
00001d91  memcpy                        
00001ec9  memset                        
00000493  printARR2server               
0000046b  printFLO2server               
00000447  printINT2server               
00000419  printSTR2server               
00001bd7  readI2C0                      
00002371  strlen                        
00000653  testSend                      
00001c31  writeI2C0                     


GLOBAL SYMBOLS: SORTED BY Symbol Address 

address   name                          
-------   ----                          
00000000  __TI_static_base__            
00000000  g_pfnVectors                  
00000200  __STACK_SIZE                  
0000026d  abs                           
000002a9  itoa                          
00000325  ftoa                          
00000419  printSTR2server               
00000447  printINT2server               
0000046b  printFLO2server               
00000493  printARR2server               
000004c1  SendString                    
000004f1  Reset                         
00000509  SlowSetWifi                   
00000609  WifiTimer0IntHandler          
00000653  testSend                      
00000691  InitUART                      
000006d1  InitESPUART                   
00000709  InitTimer                     
00000831  main                          
00000b51  WifiUARTIntHandler            
00000e6d  UARTStdioConfig               
00000f25  UARTwrite                     
00000fcb  UARTgets                      
00001047  UARTgetc                      
000010ad  UARTvprintf                   
000013a7  UARTprintf                    
000013cb  UARTRxBytesAvail              
000013d9  UARTTxBytesFree               
000013ed  UARTPeek                      
00001447  UARTFlushRx                   
0000146f  UARTFlushTx                   
000014ad  UARTEchoSet                   
000014e1  UARTStdioIntHandler           
0000166d  __aeabi_dsub                  
00001677  __aeabi_dadd                  
00001823  __aeabi_ddiv                  
00001959  GPIOPadConfigSet              
00001a8b  __aeabi_idiv0                 
00001a8b  __aeabi_ldiv0                 
00001a8d  SysCtlClockGet                
00001b9d  initI2C0                      
00001bd7  readI2C0                      
00001c31  writeI2C0                     
00001c9d  SysCtlClockSet                
00001d91  __aeabi_memcpy                
00001d91  __aeabi_memcpy4               
00001d91  __aeabi_memcpy8               
00001d91  memcpy                        
00001e2d  MPU6050_Init                  
00001e5d  MPU6050_Write_Reg             
00001e77  MPU6050_Read_Reg              
00001e89  MPU6050_Get_Data              
00001ec1  __aeabi_memclr                
00001ec1  __aeabi_memclr4               
00001ec1  __aeabi_memclr8               
00001ec3  __aeabi_memset                
00001ec3  __aeabi_memset4               
00001ec3  __aeabi_memset8               
00001ec9  memset                        
00001f3b  __aeabi_d2f                   
00001fa9  IntEnable                     
00002011  __TI_decompress_lzss          
00002079  TimerConfigure                
000020d9  I2CMasterInitExpClk           
00002125  GPIOPinConfigure              
0000216d  UARTConfigSetExpClk           
000021b5  __TI_auto_init_nobinit_nopinit
000021f9  __aeabi_uidiv                 
000021f9  __aeabi_uidivmod              
00002239  _c_int00_noargs               
00002271  __aeabi_f2d                   
000022a9  SysCtlPeripheralEnable        
000022dd  GPIODirModeSet                
00002309  UARTDisable                   
00002329  ResetISR                      
00002345  GPIOPinTypeGPIOOutput         
0000235d  UARTEnable                    
00002371  strlen                        
00002385  GPIOPinTypeI2C                
00002397  GPIOPinTypeI2CSCL             
000023a9  GPIOPinTypeUART               
000023bb  TimerLoadSet                  
000023cd  IntMasterEnable               
000023dd  TimerEnable                   
000023eb  UARTCharGetNonBlocking        
000023f9  UARTCharPutNonBlocking        
00002407  UARTCharsAvail                
00002415  __TI_decompress_none          
00002423  CPUcpsie                      
0000242f  __TI_zero_init                
0000243b  I2CMasterEnable               
00002445  UARTCharPut                   
0000244f  UARTIntStatus                 
00002459  I2CMasterBusy                 
00002461  I2CMasterSlaveAddrSet         
00002469  TimerIntEnable                
00002471  UARTIntEnable                 
00002479  GPIOPinRead                   
0000247f  GPIOPinWrite                  
00002485  SysCtlDelay                   
0000248b  UARTClockSourceSet            
00002491  I2CMasterControl              
00002495  I2CMasterDataGet              
00002499  I2CMasterDataPut              
0000249d  TimerIntClear                 
000024a1  UARTIntClear                  
000024a5  _system_pre_init              
000024a9  C$$EXIT                       
000024a9  abort                         
000026a8  __TI_Handler_Table_Base       
000026b4  __TI_Handler_Table_Limit      
000026c8  __TI_CINIT_Base               
000026d8  __TI_CINIT_Limit              
20000508  __stack                       
20000708  __STACK_END                   
20000708  __STACK_TOP                   
ffffffff  __TI_pprof_out_hndl           
ffffffff  __TI_prof_data_size           
ffffffff  __TI_prof_data_start          
ffffffff  __binit__                     
ffffffff  __c_args__                    
ffffffff  binit                         
UNDEFED   __mpu_init                    
UNDEFED   _system_post_cinit            

[124 symbols]
